[digitonaut.com/art/paisley/index.html]
[digitonaut.com/art/panelled_tube/index.html]
[backblue.gif]
[fade.gif]
[index.html]
[digitonaut.com/art/parallax_plane/index.html]
[digitonaut.com/art/particule_clock/index.html]
[digitonaut.com/art/particule_blob_glsl/index.html]
[digitonaut.com/art/particule_away/index.html]
[digitonaut.com/art/particule_flow/index.html]
[digitonaut.com/art/particules_effect/index.html]
[digitonaut.com/art/particules_fireworks/index.html]
[digitonaut.com/art/particules_flight/index.html]
[digitonaut.com/art/pasta_race/index.html]
[digitonaut.com/art/perlin_art/index.html]
[digitonaut.com/art/perlin_noise/index.html]
[digitonaut.com/art/perpex_web_lattice/index.html]
[digitonaut.com/art/phantom_star/index.html]
[digitonaut.com/art/phenomenon/index.html]
[digitonaut.com/art/physics_analog_clock/index.html]
[digitonaut.com/art/physics_digital_clock/index.html]
[digitonaut.com/art/pipes/index.html]
[digitonaut.com/art/pistils/index.html]
[digitonaut.com/art/paisley/main.js]
[digitonaut.com/art/paisley/index.html]
[digitonaut.com/art/pixel_grid/index.html]
[digitonaut.com/art/pixellated_plasma/index.html]
[digitonaut.com/art/pixies_planet/index.html]
[digitonaut.com/art/planet_layers/index.html]
[digitonaut.com/art/planet_plane/index.html]
[digitonaut.com/art/panelled_tube/shader-web-background.min.js]
[digitonaut.com/art/planet_zebra/index.html]
[digitonaut.com/art/plasma_and_colors/index.html]
[digitonaut.com/art/plasma_background/index.html]
[digitonaut.com/art/plasma_move/index.html]
[digitonaut.com/art/plasma_triangle/index.html]
[digitonaut.com/art/plasmatic_isosurface/index.html]
[digitonaut.com/art/playlist_3d_art/index.html]
[digitonaut.com/art/playlist_abstract_art/index.html]
[digitonaut.com/art/playlist_3d_worlds/index.html]
[digitonaut.com/art/panelled_tube/ichannel0.jpg]
[digitonaut.com/art/playlist_city_and_town/index.html]
[digitonaut.com/art/playlist_fractal/index.html]
[digitonaut.com/art/panelled_tube/index.html]
[digitonaut.com/art/playlist_kaleidoscope/index.html]
[digitonaut.com/art/playlist_landscapes/index.html]
[digitonaut.com/art/playlist_low_poly/index.html]
[digitonaut.com/art/playlist_moving_2d_art/index.html]
[digitonaut.com/art/playlist_moving_forward/index.html]
[digitonaut.com/art/playlist_particules/index.html]
[digitonaut.com/art/parallax_plane/normalize.min.css]
[digitonaut.com/art/playlist_physics/index.html]
[digitonaut.com/art/parallax_plane/style.css]
[digitonaut.com/art/playlist_retro_pixels/index.html]
[digitonaut.com/art/playlist_space_and_planets/index.html]
[digitonaut.com/art/parallax_plane/script.js]
[digitonaut.com/art/parallax_plane/index.html]
[digitonaut.com/art/playlist_sun_and_lights/index.html]
[digitonaut.com/art/pointless_structures/index.html]
[digitonaut.com/art/polar_night_with_aurora/index.html]
[digitonaut.com/art/polka_flowers/index.html]
[digitonaut.com/art/particule_away/index.html]
[digitonaut.com/art/paisley/three.min.js]
[digitonaut.com/art/polygon_lens_flare/index.html]
[digitonaut.com/art/polygon_reflection/index.html]
[digitonaut.com/art/possible_stargate/index.html]
[digitonaut.com/art/pop_tunnel/index.html]
[digitonaut.com/art/potentially/index.html]
[digitonaut.com/art/post-steampunk_spaceship/index.html]
[digitonaut.com/art/pounding_aldebaran/index.html]
[digitonaut.com/art/procedural_liquid_metal/index.html]
[digitonaut.com/art/procedural_planet/index.html]
[digitonaut.com/art/procedural_track/index.html]
[digitonaut.com/art/procedural-landscape/index.html]
[digitonaut.com/art/progress_clock/index.html]
[digitonaut.com/art/proton_force/index.html]
[digitonaut.com/art/protonic_lines/index.html]
[digitonaut.com/art/pseudo_knightyan/index.html]
[digitonaut.com/art/pseudo_refraction/index.html]
[digitonaut.com/art/pseudo-geometry/index.html]
[digitonaut.com/art/psychedelic_hexagon/index.html]
[digitonaut.com/art/psychedelic_nip_corridor/index.html]
[digitonaut.com/art/psychedelic_waves/index.html]
[digitonaut.com/art/psychotomimetic/index.html]
[digitonaut.com/art/puffy_the_fish/index.html]
[digitonaut.com/art/pulsing_tunnel_grid/index.html]
[digitonaut.com/art/particule_blob_glsl/index.html]
[digitonaut.com/art/purpcycle/index.html]
[digitonaut.com/art/particule_blob_glsl/script.js]
[digitonaut.com/art/purple_hexagrid/index.html]
[digitonaut.com/art/quiet_bottom/index.html]
[digitonaut.com/art/particule_clock/openProcessing.js]
[digitonaut.com/art/particule_clock/script.js]
[digitonaut.com/art/particule_clock/index.html]
[digitonaut.com/art/particule_flow/Vector2.min.js]
[digitonaut.com/art/particule_flow/perlin.js]
[digitonaut.com/art/particule_flow/script.js]
[digitonaut.com/art/particule_flow/index.html]
[digitonaut.com/art/particules_effect/index.html]
[digitonaut.com/art/particules_fireworks/shader-web-background.min.js]
[digitonaut.com/art/particules_fireworks/index.html]
[digitonaut.com/art/particules_flight/prefixfree.min.js]
[digitonaut.com/art/particule_blob_glsl/86_three.min.js]
[digitonaut.com/art/particules_flight/jquery.min.js]
[digitonaut.com/art/particules_flight/index.html]
[digitonaut.com/art/particules_flight/script.js]
[digitonaut.com/art/particules_flight/TweenMax.min.js]
[digitonaut.com/art/pasta_race/index.html]
[digitonaut.com/art/pasta_race/main.js]
[digitonaut.com/art/perlin_art/openProcessing.js]
[digitonaut.com/art/perlin_art/index.html]
[digitonaut.com/art/perlin_art/script.js]
[digitonaut.com/art/pasta_race/three.min.js]
[digitonaut.com/art/perlin_noise/bootstrap.min.js]
[digitonaut.com/art/perlin_noise/TweenMax.min.js]
[digitonaut.com/art/perlin_noise/89_three.min.js]
[digitonaut.com/art/perlin_noise/index.html]
[digitonaut.com/art/perlin_noise/script.js]
[digitonaut.com/art/perlin_noise/dat.gui.min.js]
[digitonaut.com/art/perpex_web_lattice/shader-web-background.min.js]
[digitonaut.com/art/perpex_web_lattice/ichannel0.jpg]
[digitonaut.com/art/perpex_web_lattice/index.html]
[digitonaut.com/art/phantom_star/shader-web-background.min.js]
[digitonaut.com/art/phantom_star/index.html]
[digitonaut.com/art/phenomenon/phenomenon.js]
[digitonaut.com/art/phenomenon/script.js]
[digitonaut.com/art/phenomenon/index.html]
[digitonaut.com/art/physics_analog_clock/decomp.js]
[digitonaut.com/art/physics_analog_clock/jquery.js]
[digitonaut.com/art/physics_analog_clock/script.js]
[digitonaut.com/art/physics_analog_clock/index.html]
[digitonaut.com/art/physics_analog_clock/matter.js]
[digitonaut.com/art/physics_digital_clock/p5.min.js]
[digitonaut.com/art/physics_digital_clock/script.js]
[digitonaut.com/art/physics_digital_clock/index.html]
[digitonaut.com/art/physics_digital_clock/matter.min.js]
[digitonaut.com/art/pipes/index.html]
[digitonaut.com/art/pistils/style.css]
[digitonaut.com/art/pipes/shader-web-background.min.js]
[digitonaut.com/art/pistils/script.js]
[digitonaut.com/art/pistils/index.html]
[digitonaut.com/art/pixel_grid/index.html]
[digitonaut.com/art/pixel_grid/script.js]
[digitonaut.com/art/pixellated_plasma/index.html]
[digitonaut.com/art/pixellated_plasma/shader-web-background.min.js]
[digitonaut.com/art/pixies_planet/index.html]
[digitonaut.com/art/pixies_planet/script.js]
[digitonaut.com/art/planet_layers/style.css]
[digitonaut.com/art/particule_clock/p5.js]
[digitonaut.com/art/planet_layers/EXRLoader.js]
[digitonaut.com/art/planet_layers/EquirectangularToCubeGenerator.js]
[digitonaut.com/art/planet_layers/PMREMGenerator.js]
[digitonaut.com/art/planet_layers/PMREMCubeUVPacker.js]
[digitonaut.com/art/planet_layers/script.js]
[digitonaut.com/art/planet_layers/index.html]
[digitonaut.com/art/pixies_planet/88_three.min.js]
[digitonaut.com/art/planet_plane/script.js]
[digitonaut.com/art/planet_plane/index.html]
[digitonaut.com/art/planet_layers/three.min.js]
[digitonaut.com/art/planet_zebra/main.js]
[digitonaut.com/art/planet_zebra/index.html]
[digitonaut.com/art/plasma_and_colors/shader-web-background.min.js]
[digitonaut.com/art/plasma_and_colors/index.html]
[digitonaut.com/art/plasma_background/index.html]
[digitonaut.com/art/plasma_background/script.js]
[digitonaut.com/art/planet_plane/79_three.min.js]
[digitonaut.com/art/plasma_move/index.html]
[digitonaut.com/art/plasma_triangle/shader-web-background.min.js]
[digitonaut.com/art/plasma_triangle/index.html]
[digitonaut.com/art/perlin_art/p5.js]
[digitonaut.com/art/plasmatic_isosurface/style.css]
[digitonaut.com/art/plasmatic_isosurface/sketch.min.js]
[digitonaut.com/art/plasmatic_isosurface/button.js]
[digitonaut.com/art/plasmatic_isosurface/index.html]
[digitonaut.com/art/playlist_3d_art/player.html]
[digitonaut.com/art/plasmatic_isosurface/script.js]
[digitonaut.com/art/sea_of_pearls/p80.png]
[digitonaut.com/art/sea_of_modulation/p80.png]
[digitonaut.com/art/scifi/p80.png]
[digitonaut.com/art/saturated_fractal/p80.png]
[digitonaut.com/art/planet_zebra/three.min.js]
[digitonaut.com/art/weels_structures/p80.png]
[digitonaut.com/art/waving_grid_tunnel/p80.png]
[digitonaut.com/art/voxel_reflection/p80.png]
[digitonaut.com/art/tubes_factory/p80.png]
[digitonaut.com/art/torus_room/p80.png]
[digitonaut.com/art/the_descent/p80.png]
[digitonaut.com/art/the_corridor_of_logic/p80.png]
[digitonaut.com/art/the_corner/p80.png]
[digitonaut.com/art/subtle_scales/p80.png]
[digitonaut.com/art/plasma_move/three.min.js]
[digitonaut.com/art/strange_world/p80.png]
[digitonaut.com/art/signal_field/p80.png]
[digitonaut.com/art/rainbow_road/p80.png]
[digitonaut.com/art/rainbow_diamond/p80.png]
[digitonaut.com/art/quiet_bottom/p80.png]
[digitonaut.com/art/pulsing_tunnel_grid/p80.png]
[digitonaut.com/art/psychedelic_nip_corridor/p80.png]
[digitonaut.com/art/pounding_aldebaran/p80.png]
[digitonaut.com/art/pop_tunnel/p80.png]
[digitonaut.com/art/peachy_goo/p80.png]
[digitonaut.com/art/neon_temple/p80.png]
[digitonaut.com/art/neon_road/p80.png]
[digitonaut.com/art/museum_of_random_planets/p80.png]
[digitonaut.com/art/monster_thing/p80.png]
[digitonaut.com/art/metastructure/p80.png]
[digitonaut.com/art/megawave/p80.png]
[digitonaut.com/art/matroshka/p80.png]
[digitonaut.com/art/machine_dna/p80.png]
[digitonaut.com/art/lonely_sphere/p80.png]
[digitonaut.com/art/led_tower/p80.png]
[digitonaut.com/art/krypto_planes/p80.png]
[digitonaut.com/art/lace_tunnel/p80.png]
[digitonaut.com/art/kissing_donuts/p80.png]
[digitonaut.com/art/kalizyl/p80.png]
[digitonaut.com/art/julialand/p80.png]
[digitonaut.com/art/jelly_gateways/p80.png]
[digitonaut.com/art/isometric_cubism/p80.png]
[digitonaut.com/art/infinity_isometric_cubes/p80.png]
[digitonaut.com/art/infinite_switching_space/p80.png]
[digitonaut.com/art/grid_thing/p80.png]
[digitonaut.com/art/green_zozuar_fractal/p80.png]
[digitonaut.com/art/glossy_cubes/p80.png]
[digitonaut.com/art/glooper/p80.png]
[digitonaut.com/art/geometric_altar/p80.png]
[digitonaut.com/art/gasket/p80.png]
[digitonaut.com/art/fractal_trip/p80.png]
[digitonaut.com/art/fractal_gaz_80/p80.png]
[digitonaut.com/art/fractal_gaz_79/p80.png]
[digitonaut.com/art/fractal_gaz_23/p80.png]
[digitonaut.com/art/flaming_mandelbulb/p80.png]
[digitonaut.com/art/fabric_sphere/p80.png]
[digitonaut.com/art/eiffie_balls/p80.png]
[digitonaut.com/art/doc_dump/p80.png]
[digitonaut.com/art/diy_spaceman_cave/p80.png]
[digitonaut.com/art/disco_neon/p80.png]
[digitonaut.com/art/digital_coral/p80.png]
[digitonaut.com/art/digital_ambience/p80.png]
[digitonaut.com/art/cubic_toris_tunnel/p80.png]
[digitonaut.com/art/cube_fall/p80.png]
[digitonaut.com/art/crazy_springs/p80.png]
[digitonaut.com/art/blue_travel/p80.png]
[digitonaut.com/art/blue_marble/p80.png]
[digitonaut.com/art/blooming_fractal/p80.png]
[digitonaut.com/art/bacterium/p80.png]
[digitonaut.com/art/attraction_repulsion/p80.png]
[digitonaut.com/art/apollonian_dreams/p80.png]
[digitonaut.com/art/alternation/p80.png]
[digitonaut.com/art/acid_color_blocks/p80.png]
[digitonaut.com/art/abstract_log_lattice/p80.png]
[digitonaut.com/art/post-steampunk_spaceship/p80.png]
[digitonaut.com/art/zdog_colour_tunnel/p80.png]
[digitonaut.com/art/wormhole/p80.png]
[digitonaut.com/art/wired_gates/p80.png]
[digitonaut.com/art/water_slide/p80.png]
[digitonaut.com/art/volumetric_plankton/p80.png]
[digitonaut.com/art/vivid_factory/p80.png]
[digitonaut.com/art/unlimited_confectionery/p80.png]
[digitonaut.com/art/ultrawave/p80.png]
[digitonaut.com/art/twitch_braid/p80.png]
[digitonaut.com/art/tunnel_balkhan/p80.png]
[digitonaut.com/art/tunnel/p80.png]
[digitonaut.com/art/tunel_orange_light/p80.png]
[digitonaut.com/art/tunel_beauty/p80.png]
[digitonaut.com/art/traced_tunel/p80.png]
[digitonaut.com/art/to_the_future/p80.png]
[digitonaut.com/art/the_popular_shader/p80.png]
[digitonaut.com/art/the_dila_cube/p80.png]
[digitonaut.com/art/terminal_particules/p80.png]
[digitonaut.com/art/symmetric_origins/p80.png]
[digitonaut.com/art/standbeest_animated/p80.png]
[digitonaut.com/art/square_portals/p80.png]
[digitonaut.com/art/spinning_squares/p80.png]
[digitonaut.com/art/spiky/p80.png]
[digitonaut.com/art/spherical-polyhedra/p80.png]
[digitonaut.com/art/speed_and_ghost/p80.png]
[digitonaut.com/art/sparse_grid_marching/p80.png]
[digitonaut.com/art/space_hole/p80.png]
[digitonaut.com/art/sonic_fusion/p80.png]
[digitonaut.com/art/smooth_union/p80.png]
[digitonaut.com/art/smooth_triangular_voronoi/p80.png]
[digitonaut.com/art/signed_distance_fields/p80.png]
[digitonaut.com/art/shiny-sphere-lights/p80.png]
[digitonaut.com/art/shapeshifter/p80.png]
[digitonaut.com/art/shaderlamp/p80.png]
[digitonaut.com/art/yoyo/p80.png]
[digitonaut.com/art/selmi_triangles/p80.png]
[digitonaut.com/art/seeding/p80.png]
[digitonaut.com/art/reflecting_toruses/p80.png]
[digitonaut.com/art/ray_marching_room/p80.png]
[digitonaut.com/art/random_position/p80.png]
[digitonaut.com/art/rainbow_power/p80.png]
[digitonaut.com/art/rainbow_fractal_descent/p80.png]
[digitonaut.com/art/racing_lines/p80.png]
[digitonaut.com/art/psychedelic_hexagon/p80.png]
[digitonaut.com/art/pseudo-geometry/p80.png]
[digitonaut.com/art/proton_force/p80.png]
[digitonaut.com/art/procedural_liquid_metal/p80.png]
[digitonaut.com/art/procedural-landscape/p80.png]
[digitonaut.com/art/pore_torus/p80.png]
[digitonaut.com/art/pipes/p80.png]
[digitonaut.com/art/perpex_web_lattice/p80.png]
[digitonaut.com/art/pacman_concept/p80.png]
[digitonaut.com/art/on_a_frontier_of_wires/p80.png]
[digitonaut.com/art/neural_network/p80.png]
[digitonaut.com/art/neon_parallax/p80.png]
[digitonaut.com/art/mutating_field/p80.png]
[digitonaut.com/art/moving_metal/p80.png]
[digitonaut.com/art/midnight_comms/p80.png]
[digitonaut.com/art/jelly-tube_forest/p80.png]
[digitonaut.com/art/are_gee_be/p80.png]
[digitonaut.com/art/mobius_trans_in_hyperspace/p80.png]
[digitonaut.com/art/metal_liquid_viscosity/p80.png]
[digitonaut.com/art/mandelbulb/p80.png]
[digitonaut.com/art/mandelbrot_pattern/p80.png]
[digitonaut.com/art/mandelbox_sweeper/p80.png]
[digitonaut.com/art/lion_snek_murph/p80.png]
[digitonaut.com/art/lightning_corrosion_gravity/p80.png]
[digitonaut.com/art/liberation_of_the_true_self/p80.png]
[digitonaut.com/art/ixions_poisonous_ring/p80.png]
[digitonaut.com/art/its_been_a_while/p80.png]
[digitonaut.com/art/isometric_blocks/p80.png]
[digitonaut.com/art/instancing_billboards/p80.png]
[digitonaut.com/art/ink_and_silver/p80.png]
[digitonaut.com/art/infinite_spinal_squid/p80.png]
[digitonaut.com/art/infinite_spin/p80.png]
[digitonaut.com/art/ice_dreamer/p80.png]
[digitonaut.com/art/hyperstellar/p80.png]
[digitonaut.com/art/hypercomplex/p80.png]
[digitonaut.com/art/holy_grail_quest/p80.png]
[digitonaut.com/art/hologram_boxes/p80.png]
[digitonaut.com/art/highway_to_proxima_centauri/p80.png]
[digitonaut.com/art/high_speed_tube/p80.png]
[digitonaut.com/art/green_world/p80.png]
[digitonaut.com/art/green_edges/p80.png]
[digitonaut.com/art/grape_soda/p80.png]
[digitonaut.com/art/going_up/p80.png]
[digitonaut.com/art/glowing_stone/p80.png]
[digitonaut.com/art/glass_cave/p80.png]
[digitonaut.com/art/galaxy_of_universes/p80.png]
[digitonaut.com/art/fractal_trees/p80.png]
[digitonaut.com/art/fractal_traps/p80.png]
[digitonaut.com/art/fractal_sphere/p80.png]
[digitonaut.com/art/fractal_speediness/p80.png]
[digitonaut.com/art/fractal_pyramid/p80.png]
[digitonaut.com/art/fractal_land/p80.png]
[digitonaut.com/art/fractal_journey/p80.png]
[digitonaut.com/art/forever/p80.png]
[digitonaut.com/art/flying_angelcrowd/p80.png]
[digitonaut.com/art/fire_blob/p80.png]
[digitonaut.com/art/famous_solid/p80.png]
[digitonaut.com/art/falling_light/p80.png]
[digitonaut.com/art/animated_pyramid_pattern/p80.png]
[digitonaut.com/art/extraordinary_city/p80.png]
[digitonaut.com/art/experimental_starfield/p80.png]
[digitonaut.com/art/escalated_raymarching_terrain/p80.png]
[digitonaut.com/art/energy_confinement/p80.png]
[digitonaut.com/art/endless_escape/p80.png]
[digitonaut.com/art/emerging_fractal_tower/p80.png]
[digitonaut.com/art/elysian/p80.png]
[digitonaut.com/art/elemental_ring/p80.png]
[digitonaut.com/art/dual_truchet_tiles/p80.png]
[digitonaut.com/art/dragons_palace/p80.png]
[digitonaut.com/art/dot-tunel/p80.png]
[digitonaut.com/art/dots_on_sphere/p80.png]
[digitonaut.com/art/doski_canady/p80.png]
[digitonaut.com/art/dodecahedrons/p80.png]
[digitonaut.com/art/dizzy/p80.png]
[digitonaut.com/art/disco_tunnel/p80.png]
[digitonaut.com/art/digital_trees/p80.png]
[digitonaut.com/art/desert_floor_blobs/p80.png]
[digitonaut.com/art/descompuesto_apollonian/p80.png]
[digitonaut.com/art/descent_3D/p80.png]
[digitonaut.com/art/depth/p80.png]
[digitonaut.com/art/delaunay_mosaic/p80.png]
[digitonaut.com/art/deep_sea_trench/p80.png]
[digitonaut.com/art/december_box/p80.png]
[digitonaut.com/art/debris/p80.png]
[digitonaut.com/art/dawn/p80.png]
[digitonaut.com/art/dangerous_planet/p80.png]
[digitonaut.com/art/dalis_mustache_train/p80.png]
[digitonaut.com/art/cypher/p80.png]
[digitonaut.com/art/cyberspace_data_warehouse/p80.png]
[digitonaut.com/art/curve_follower/p80.png]
[digitonaut.com/art/cubic_wave/p80.png]
[digitonaut.com/art/cubic_transport_wormhole/p80.png]
[digitonaut.com/art/cubic_entanglement/p80.png]
[digitonaut.com/art/cubes_floating/p80.png]
[digitonaut.com/art/cube_travelling/p80.png]
[digitonaut.com/art/cube_singularity/p80.png]
[digitonaut.com/art/crazy-world/p80.png]
[digitonaut.com/art/crazy_tunel/p80.png]
[digitonaut.com/art/blue_galaxies/p80.png]
[digitonaut.com/art/cosmos_motion/p80.png]
[digitonaut.com/art/cosmic_travel/p80.png]
[digitonaut.com/art/corded_balls/p80.png]
[digitonaut.com/art/connected_place/p80.png]
[digitonaut.com/art/combustible_voronoi/p80.png]
[digitonaut.com/art/colorful_infinity/p80.png]
[digitonaut.com/art/collapsing-architecture/p80.png]
[digitonaut.com/art/cold_plasm/p80.png]
[digitonaut.com/art/cloudy_sunset/p80.png]
[digitonaut.com/art/cloudy_shapes/p80.png]
[digitonaut.com/art/city_exploration/p80.png]
[digitonaut.com/art/circular_gate/p80.png]
[digitonaut.com/art/cielab_color_space/p80.png]
[digitonaut.com/art/centre_of_gravity/p80.png]
[digitonaut.com/art/exit_the_matrix/p80.png]
[digitonaut.com/art/cellular_animated_blocks/p80.png]
[digitonaut.com/art/cave_entrance/p80.png]
[digitonaut.com/art/brick_tube/p80.png]
[digitonaut.com/art/breaking_ground/p80.png]
[digitonaut.com/art/abstract_corridor/p80.png]
[digitonaut.com/art/abstract_terrain_objects_scifi/p80.png]
[digitonaut.com/art/alien_beacon/p80.png]
[digitonaut.com/art/ancient_fractal_temple/p80.png]
[digitonaut.com/art/animated_nanotubes/p80.png]
[digitonaut.com/art/auto-architecture/p80.png]
[digitonaut.com/art/ashfall/p80.png]
[digitonaut.com/art/artistic_life/p80.png]
[digitonaut.com/art/playlist_3d_art/index.html]
[digitonaut.com/art/playlist_3d_worlds/player.html]
[digitonaut.com/art/sea_of_fog/p80.png]
[digitonaut.com/art/scherk_full_speed/p80.png]
[digitonaut.com/art/wet_beach_sand/p80.png]
[digitonaut.com/art/web_grid/p80.png]
[digitonaut.com/art/volcanic_planet/p80.png]
[digitonaut.com/art/urban_city/p80.png]
[digitonaut.com/art/tunnel_vision/p80.png]
[digitonaut.com/art/tunnel_squared/p80.png]
[digitonaut.com/art/top_view_mediterranean/p80.png]
[digitonaut.com/art/the_vanishing_of_ashlar/p80.png]
[digitonaut.com/art/the_tomb/p80.png]
[digitonaut.com/art/terraform/p80.png]
[digitonaut.com/art/sunrise_sunset/p80.png]
[digitonaut.com/art/submarine_alien_life/p80.png]
[digitonaut.com/art/styx/p80.png]
[digitonaut.com/art/stairway_to_heaven/p80.png]
[digitonaut.com/art/speed_in_snow/p80.png]
[digitonaut.com/art/space_structure/p80.png]
[digitonaut.com/art/snow_mountain/p80.png]
[digitonaut.com/art/skyline/p80.png]
[digitonaut.com/art/sky_ride/p80.png]
[digitonaut.com/art/sky_path/p80.png]
[digitonaut.com/art/refracted_brutalism/p80.png]
[digitonaut.com/art/red_landscape/p80.png]
[digitonaut.com/art/purpcycle/p80.png]
[digitonaut.com/art/planet_zebra/p80.png]
[digitonaut.com/art/planet_eclipse/p80.png]
[digitonaut.com/art/pasta_race/p80.png]
[digitonaut.com/art/panelled_tube/p80.png]
[digitonaut.com/art/ocean_under/p80.png]
[digitonaut.com/art/noctural_lava/p80.png]
[digitonaut.com/art/night_escape/p80.png]
[digitonaut.com/art/neon_tunnel/p80.png]
[digitonaut.com/art/mountains_and_vegetation/p80.png]
[digitonaut.com/art/mountains_and_lakes/p80.png]
[digitonaut.com/art/metal_towers/p80.png]
[digitonaut.com/art/mars_jetpack/p80.png]
[digitonaut.com/art/many_hallways/p80.png]
[digitonaut.com/art/magmatic_lava/p80.png]
[digitonaut.com/art/lunar_debris/p80.png]
[digitonaut.com/art/lowpoly_flooded_channel/p80.png]
[digitonaut.com/art/lines_runner/p80.png]
[digitonaut.com/art/lady_bugs_in_the_meadow/p80.png]
[digitonaut.com/art/interactive_landscape/p80.png]
[digitonaut.com/art/inhabited_planet/p80.png]
[digitonaut.com/art/infinitown/p80.png]
[digitonaut.com/art/industrial_tunnel/p80.png]
[digitonaut.com/art/hot_inferno/p80.png]
[digitonaut.com/art/high_mountain/p80.png]
[digitonaut.com/art/hex_voxel_scene/p80.png]
[digitonaut.com/art/gravity_tunnel/p80.png]
[digitonaut.com/art/glass_and_cable/p80.png]
[digitonaut.com/art/frozen_wasteland/p80.png]
[digitonaut.com/art/fractal_gaz_84/p80.png]
[digitonaut.com/art/fractal_bloom/p80.png]
[digitonaut.com/art/following_a_shape/p80.png]
[digitonaut.com/art/flying_time_machine/p80.png]
[digitonaut.com/art/flying_car_blues/p80.png]
[digitonaut.com/art/flight_over_isles/p80.png]
[digitonaut.com/art/flight_over_a_terrain/p80.png]
[digitonaut.com/art/energy_plant/p80.png]
[digitonaut.com/art/elevated_coast/p80.png]
[digitonaut.com/art/dig_down/p80.png]
[digitonaut.com/art/desert/p80.png]
[digitonaut.com/art/deep_in_the_wood/p80.png]
[digitonaut.com/art/dark_cave/p80.png]
[digitonaut.com/art/coaster_jungle/p80.png]
[digitonaut.com/art/car_ride/p80.png]
[digitonaut.com/art/at_the_stern/p80.png]
[digitonaut.com/art/antigravity_magma/p80.png]
[digitonaut.com/art/alien_world/p80.png]
[digitonaut.com/art/alien_voxel_landscape/p80.png]
[digitonaut.com/art/alien_room/p80.png]
[digitonaut.com/art/alien_engine/p80.png]
[digitonaut.com/art/alien_cocoons/p80.png]
[digitonaut.com/art/cubic_lattice/p80.png]
[digitonaut.com/art/mountains/p80.png]
[digitonaut.com/art/mountain_path/p80.png]
[digitonaut.com/art/continuum_cable/p80.png]
[digitonaut.com/art/alps_in_winter/p80.png]
[digitonaut.com/art/apollonian_III/p80.png]
[digitonaut.com/art/alien_cave/p80.png]
[digitonaut.com/art/ziggurat/p80.png]
[digitonaut.com/art/wire_eggs/p80.png]
[digitonaut.com/art/winding_menger_tunnel/p80.png]
[digitonaut.com/art/weird_canyon/p80.png]
[digitonaut.com/art/voxel_world/p80.png]
[digitonaut.com/art/voxel_hall_colors/p80.png]
[digitonaut.com/art/voxel_flythrough/p80.png]
[digitonaut.com/art/trigochiselled_shaft_descent/p80.png]
[digitonaut.com/art/tribute_to_mam/p80.png]
[digitonaut.com/art/transparent_cube_field/p80.png]
[digitonaut.com/art/transparent_3d_noise/p80.png]
[digitonaut.com/art/torus_journey/p80.png]
[digitonaut.com/art/the_road_to_hell/p80.png]
[digitonaut.com/art/the_inversion_machine/p80.png]
[digitonaut.com/art/the_carrot_dimension/p80.png]
[digitonaut.com/art/terraced_hills/p80.png]
[digitonaut.com/art/terra_cognita/p80.png]
[digitonaut.com/art/technical_collapse/p80.png]
[digitonaut.com/art/subterranean_fly_through/p80.png]
[digitonaut.com/art/solar_quartet/p80.png]
[digitonaut.com/art/smooth_nautilus/p80.png]
[digitonaut.com/art/signal_barrel/p80.png]
[digitonaut.com/art/shader_three_tunnel/p80.png]
[digitonaut.com/art/shader_lab_crater_terrain/p80.png]
[digitonaut.com/art/seascape/p80.png]
[digitonaut.com/art/rolling-hills/p80.png]
[digitonaut.com/art/rolling_ball/p80.png]
[digitonaut.com/art/rocky_cave_orange/p80.png]
[digitonaut.com/art/road-20/p80.png]
[digitonaut.com/art/ride_of_the_snug_blocks/p80.png]
[digitonaut.com/art/repetition_and_randomness/p80.png]
[digitonaut.com/art/relentless/p80.png]
[digitonaut.com/art/refactoring_blackpool_in_space/p80.png]
[digitonaut.com/art/re_cypher/p80.png]
[digitonaut.com/art/raymarching_a_tunnel/p80.png]
[digitonaut.com/art/raymarched-reflections/p80.png]
[digitonaut.com/art/raymarch_ast_seventies/p80.png]
[digitonaut.com/art/ray_planet/p80.png]
[digitonaut.com/art/rain_and_lights/p80.png]
[digitonaut.com/art/pseudo_knightyan/p80.png]
[digitonaut.com/art/procedural_track/p80.png]
[digitonaut.com/art/polar_night_with_aurora/p80.png]
[digitonaut.com/art/pointless_structures/p80.png]
[digitonaut.com/art/phenomenon/p80.png]
[digitonaut.com/art/optical_stream/p80.png]
[digitonaut.com/art/krypton_sunrise/p80.png]
[digitonaut.com/art/ocean_rescue/p80.png]
[digitonaut.com/art/night_drive/p80.png]
[digitonaut.com/art/neon_disco/p80.png]
[digitonaut.com/art/navigating_structures/p80.png]
[digitonaut.com/art/navigating_in_the_boxes/p80.png]
[digitonaut.com/art/mystery_mountains/p80.png]
[digitonaut.com/art/maze_explorer/p80.png]
[digitonaut.com/art/marching_cubes/p80.png]
[digitonaut.com/art/flowing_lava/p80.png]
[digitonaut.com/art/city_in_the_rain/p80.png]
[digitonaut.com/art/minkowsky_tube/p80.png]
[digitonaut.com/art/metatunnel_raymarching/p80.png]
[digitonaut.com/art/menger_journey/p80.png]
[digitonaut.com/art/maze_lattice/p80.png]
[digitonaut.com/art/life_of_tree/p80.png]
[digitonaut.com/art/layerscape/p80.png]
[digitonaut.com/art/lab_city/p80.png]
[digitonaut.com/art/judging_begins/p80.png]
[digitonaut.com/art/globe/p80.png]
[digitonaut.com/art/fog_mountain/p80.png]
[digitonaut.com/art/far_on_a_planet/p80.png]
[digitonaut.com/art/easter_island/p80.png]
[digitonaut.com/art/dry_rocky_george/p80.png]
[digitonaut.com/art/desert_sand/p80.png]
[digitonaut.com/art/desert_morning/p80.png]
[digitonaut.com/art/desert_chase/p80.png]
[digitonaut.com/art/desert_canyon/p80.png]
[digitonaut.com/art/city_road/p80.png]
[digitonaut.com/art/captain_harlocks_maiden_voyage/p80.png]
[digitonaut.com/art/canyon_pass/p80.png]
[digitonaut.com/art/artificial_star/p80.png]
[digitonaut.com/art/artificial_shape/p80.png]
[digitonaut.com/art/ancient_temple/p80.png]
[digitonaut.com/art/playlist_3d_worlds/index.html]
[digitonaut.com/art/playlist_abstract_art/player.html]
[digitonaut.com/art/wet_gasoline/p80.png]
[digitonaut.com/art/tribalistic/p80.png]
[digitonaut.com/art/swirly_doodles/p80.png]
[digitonaut.com/art/spring_variant/p80.png]
[digitonaut.com/art/spiral_riders/p80.png]
[digitonaut.com/art/space_ocean/p80.png]
[digitonaut.com/art/signal_emitter/p80.png]
[digitonaut.com/art/red_energy/p80.png]
[digitonaut.com/art/recoded_fractal_invaders/p80.png]
[digitonaut.com/art/potentially/p80.png]
[digitonaut.com/art/paisley/p80.png]
[digitonaut.com/art/multicolor_lightning/p80.png]
[digitonaut.com/art/luminous_lines/p80.png]
[digitonaut.com/art/liquid_colors/p80.png]
[digitonaut.com/art/kali_fractal_variation/p80.png]
[digitonaut.com/art/kaleohe/p80.png]
[digitonaut.com/art/kaleiscop_k/p80.png]
[digitonaut.com/art/kaleiscop_j/p80.png]
[digitonaut.com/art/kaleiscop_i/p80.png]
[digitonaut.com/art/kaleiscop_h/p80.png]
[digitonaut.com/art/kaleiscop_g/p80.png]
[digitonaut.com/art/kaleiscop_f/p80.png]
[digitonaut.com/art/kaleiscop_e/p80.png]
[digitonaut.com/art/kaleiscop_d/p80.png]
[digitonaut.com/art/kaleiscop_c/p80.png]
[digitonaut.com/art/kaleiscop_b/p80.png]
[digitonaut.com/art/kaleiscop_a/p80.png]
[digitonaut.com/art/kaleidoscopix/p80.png]
[digitonaut.com/art/iridule/p80.png]
[digitonaut.com/art/in_the_depths/p80.png]
[digitonaut.com/art/green_sky/p80.png]
[digitonaut.com/art/glowing_petals/p80.png]
[digitonaut.com/art/geo-escape/p80.png]
[digitonaut.com/art/fractal_configurations/p80.png]
[digitonaut.com/art/fiddler/p80.png]
[digitonaut.com/art/disco_hell/p80.png]
[digitonaut.com/art/digital_wave/p80.png]
[digitonaut.com/art/dancing_colors/p80.png]
[digitonaut.com/art/creative_voronoi/p80.png]
[digitonaut.com/art/creamy_orange/p80.png]
[digitonaut.com/art/colorful_voronoi/p80.png]
[digitonaut.com/art/back_to_the_sea/p80.png]
[digitonaut.com/art/arachne/p80.png]
[digitonaut.com/art/anyone_home/p80.png]
[digitonaut.com/art/animated_subdivision/p80.png]
[digitonaut.com/art/animated_streetart/p80.png]
[digitonaut.com/art/alien_swirl/p80.png]
[digitonaut.com/art/anglesine/p80.png]
[digitonaut.com/art/zooming_lines/p80.png]
[digitonaut.com/art/waaave/p80.png]
[digitonaut.com/art/voronoise/p80.png]
[digitonaut.com/art/vertex_liquid/p80.png]
[digitonaut.com/art/uncolor/p80.png]
[digitonaut.com/art/truchet_flower/p80.png]
[digitonaut.com/art/truchet_almost_street_art/p80.png]
[digitonaut.com/art/trippy_hue_boids/p80.png]
[digitonaut.com/art/triangular_mechanism/p80.png]
[digitonaut.com/art/tri_noise_soupe/p80.png]
[digitonaut.com/art/total_noob/p80.png]
[digitonaut.com/art/torus_thingy/p80.png]
[digitonaut.com/art/topologica_electric_blue/p80.png]
[digitonaut.com/art/time_coordinate/p80.png]
[digitonaut.com/art/tightly_woven/p80.png]
[digitonaut.com/art/the_pulse/p80.png]
[digitonaut.com/art/the_hills_have_noise/p80.png]
[digitonaut.com/art/target_with_smoothstep/p80.png]
[digitonaut.com/art/symmetric_waves/p80.png]
[digitonaut.com/art/swirly_electric_rainbow/p80.png]
[digitonaut.com/art/substrate_algorithm/p80.png]
[digitonaut.com/art/circle_strings/p80.png]
[digitonaut.com/art/string_theory/p80.png]
[digitonaut.com/art/strange_tubes/p80.png]
[digitonaut.com/art/squiggles/p80.png]
[digitonaut.com/art/splatter_blocks/p80.png]
[digitonaut.com/art/spilled-paint/p80.png]
[digitonaut.com/art/speed_and_lines/p80.png]
[digitonaut.com/art/spate/p80.png]
[digitonaut.com/art/smooth_curves/p80.png]
[digitonaut.com/art/smoke_horizon/p80.png]
[digitonaut.com/art/slim/p80.png]
[digitonaut.com/art/signed_plasma/p80.png]
[digitonaut.com/art/shiny_circle/p80.png]
[digitonaut.com/art/separation/p80.png]
[digitonaut.com/art/secco/p80.png]
[digitonaut.com/art/sea_anemone/p80.png]
[digitonaut.com/art/rotating_gear_grid/p80.png]
[digitonaut.com/art/rock_paper_scissors/p80.png]
[digitonaut.com/art/ring_twister/p80.png]
[digitonaut.com/art/ribbon_assault/p80.png]
[digitonaut.com/art/retro-waves/p80.png]
[digitonaut.com/art/retro_modern_art/p80.png]
[digitonaut.com/art/raycast_lines/p80.png]
[digitonaut.com/art/rainbow_twister/p80.png]
[digitonaut.com/art/rainbow_tentacles/p80.png]
[digitonaut.com/art/rainbow_snake/p80.png]
[digitonaut.com/art/rainbow_slices/p80.png]
[digitonaut.com/art/rainbow_particle_horizon/p80.png]
[digitonaut.com/art/rainbow_energy_particles/p80.png]
[digitonaut.com/art/radiation_vibe/p80.png]
[digitonaut.com/art/purple_hexagrid/p80.png]
[digitonaut.com/art/psychedelic_waves/p80.png]
[digitonaut.com/art/psyche_blobby_shader/p80.png]
[digitonaut.com/art/pseudo_refraction/p80.png]
[digitonaut.com/art/progression_of_ideas/p80.png]
[digitonaut.com/art/procedural_lava/p80.png]
[digitonaut.com/art/power_coils/p80.png]
[digitonaut.com/art/possible_stargate/p80.png]
[digitonaut.com/art/polygon_reflection/p80.png]
[digitonaut.com/art/polka_flowers/p80.png]
[digitonaut.com/art/polka_dots/p80.png]
[digitonaut.com/art/plasma_triangle/p80.png]
[digitonaut.com/art/plasma_move/p80.png]
[digitonaut.com/art/plasma_globe/p80.png]
[digitonaut.com/art/plasma_background/p80.png]
[digitonaut.com/art/plasma_and_colors/p80.png]
[digitonaut.com/art/pixies_planet/p80.png]
[digitonaut.com/art/pixel_arts/p80.png]
[digitonaut.com/art/perlin_noise/p80.png]
[digitonaut.com/art/perlin_art/p80.png]
[digitonaut.com/art/parallel_of_latitude/p80.png]
[digitonaut.com/art/optical_illusion_tiles/p80.png]
[digitonaut.com/art/octagrams/p80.png]
[digitonaut.com/art/nuclear_blob_shader/p80.png]
[digitonaut.com/art/nsn/p80.png]
[digitonaut.com/art/nested_zooming_pentagrams/p80.png]
[digitonaut.com/art/neon_bubbles/p80.png]
[digitonaut.com/art/my_universe/p80.png]
[digitonaut.com/art/multi_plasmatic/p80.png]
[digitonaut.com/art/more_waves/p80.png]
[digitonaut.com/art/monoblob/p80.png]
[digitonaut.com/art/mini_abstract/p80.png]
[digitonaut.com/art/matrix_vorocloud/p80.png]
[digitonaut.com/art/mathemetic_art/p80.png]
[digitonaut.com/art/isometric_patterns/p80.png]
[digitonaut.com/art/mango_station/p80.png]
[digitonaut.com/art/mandelblast/p80.png]
[digitonaut.com/art/liquid_rainbow/p80.png]
[digitonaut.com/art/lines_of_straightness/p80.png]
[digitonaut.com/art/limbo_progressive_art/p80.png]
[digitonaut.com/art/light_fog_blobs/p80.png]
[digitonaut.com/art/lava_lamp/p80.png]
[digitonaut.com/art/iterative_stripes/p80.png]
[digitonaut.com/art/iterations_shiny/p80.png]
[digitonaut.com/art/its_raining_colors/p80.png]
[digitonaut.com/art/impossible_chainmail/p80.png]
[digitonaut.com/art/illumine/p80.png]
[digitonaut.com/art/hexatrip/p80.png]
[digitonaut.com/art/hexagonized_wave/p80.png]
[digitonaut.com/art/hexagonal_maze_flow/p80.png]
[digitonaut.com/art/hexagonal_maze/p80.png]
[digitonaut.com/art/growing_lines/p80.png]
[digitonaut.com/art/gravitational_field/p80.png]
[digitonaut.com/art/gpgpu_particules/p80.png]
[digitonaut.com/art/gooey_meteors/p80.png]
[digitonaut.com/art/golden_flower/p80.png]
[digitonaut.com/art/glowing_rainbow_blobs/p80.png]
[digitonaut.com/art/glowing_circle/p80.png]
[digitonaut.com/art/geometric_polar_pattern/p80.png]
[digitonaut.com/art/genuary_touch/p80.png]
[digitonaut.com/art/generative_tiles/p80.png]
[digitonaut.com/art/generative_art/p80.png]
[digitonaut.com/art/galactic_orbital/p80.png]
[digitonaut.com/art/funky_perlin/p80.png]
[digitonaut.com/art/fractal_thingy/p80.png]
[digitonaut.com/art/fractal_soup/p80.png]
[digitonaut.com/art/fractal_lines_of_symmetry/p80.png]
[digitonaut.com/art/foo_particles/p80.png]
[digitonaut.com/art/foo_parbox/p80.png]
[digitonaut.com/art/fluoblob/p80.png]
[digitonaut.com/art/flow_of_cells/p80.png]
[digitonaut.com/art/flapping_wings/p80.png]
[digitonaut.com/art/flame_eye/p80.png]
[digitonaut.com/art/firefly_flow/p80.png]
[digitonaut.com/art/fall_in_dots/p80.png]
[digitonaut.com/art/explorers/p80.png]
[digitonaut.com/art/evolution_around_a_circle/p80.png]
[digitonaut.com/art/encounter_curves/p80.png]
[digitonaut.com/art/embroidery/p80.png]
[digitonaut.com/art/electro/p80.png]
[digitonaut.com/art/electric_sinusoid/p80.png]
[digitonaut.com/art/electric_field_lines/p80.png]
[digitonaut.com/art/electric_field/p80.png]
[digitonaut.com/art/dynamic_patterns/p80.png]
[digitonaut.com/art/droste/p80.png]
[digitonaut.com/art/dripping_paint/p80.png]
[digitonaut.com/art/dripping_disks/p80.png]
[digitonaut.com/art/divide/p80.png]
[digitonaut.com/art/distance_meter/p80.png]
[digitonaut.com/art/disconnect_work/p80.png]
[digitonaut.com/art/discoid/p80.png]
[digitonaut.com/art/digital_waves/p80.png]
[digitonaut.com/art/digital_oil/p80.png]
[digitonaut.com/art/diablo_angel_wind/p80.png]
[digitonaut.com/art/derivate_noise/p80.png]
[digitonaut.com/art/deep_fractal_zoom/p80.png]
[digitonaut.com/art/dashed_and_dotted/p80.png]
[digitonaut.com/art/darkness/p80.png]
[digitonaut.com/art/dancing_tree/p80.png]
[digitonaut.com/art/cutrell_art/p80.png]
[digitonaut.com/art/curvatic_empire/p80.png]
[digitonaut.com/art/cubism_boxes/p80.png]
[digitonaut.com/art/cows_and_milk/p80.png]
[digitonaut.com/art/cosmic-web/p80.png]
[digitonaut.com/art/coral_blooms/p80.png]
[digitonaut.com/art/connected_particules_art/p80.png]
[digitonaut.com/art/complex_parquetry/p80.png]
[digitonaut.com/art/colour_wars/p80.png]
[digitonaut.com/art/colored_ripple/p80.png]
[digitonaut.com/art/colored_eclipse/p80.png]
[digitonaut.com/art/color_wave/p80.png]
[digitonaut.com/art/color_grid/p80.png]
[digitonaut.com/art/color_dots/p80.png]
[digitonaut.com/art/coalesce_20/p80.png]
[digitonaut.com/art/coalesce_12/p80.png]
[digitonaut.com/art/coalesce_10/p80.png]
[digitonaut.com/art/circumscribed_circles/p80.png]
[digitonaut.com/art/circular_trail/p80.png]
[digitonaut.com/art/circular_mover/p80.png]
[digitonaut.com/art/circular_art_system/p80.png]
[digitonaut.com/art/circles_of_randomness/p80.png]
[digitonaut.com/art/circles_light_lines/p80.png]
[digitonaut.com/art/circle_vortex/p80.png]
[digitonaut.com/art/chrome_effect/p80.png]
[digitonaut.com/art/chaos_delaunay/p80.png]
[digitonaut.com/art/chaos_dancer_art/p80.png]
[digitonaut.com/art/cellular_repetition/p80.png]
[digitonaut.com/art/cellular/p80.png]
[digitonaut.com/art/carpet_pixels_symbols/p80.png]
[digitonaut.com/art/candy_curves/p80.png]
[digitonaut.com/art/caleidoscopio/p80.png]
[digitonaut.com/art/bubbles/p80.png]
[digitonaut.com/art/bubble-dist-plasma/p80.png]
[digitonaut.com/art/breath_potters_tunnel/p80.png]
[digitonaut.com/art/boxed_fireworks/p80.png]
[digitonaut.com/art/blue_mellow/p80.png]
[digitonaut.com/art/blue_bubbles/p80.png]
[digitonaut.com/art/blobs/p80.png]
[digitonaut.com/art/black_and_white/p80.png]
[digitonaut.com/art/bit_for_bit/p80.png]
[digitonaut.com/art/big-boi_particules/p80.png]
[digitonaut.com/art/big_eye/p80.png]
[digitonaut.com/art/bands_of_color/p80.png]
[digitonaut.com/art/balls/p80.png]
[digitonaut.com/art/artistic_walker/p80.png]
[digitonaut.com/art/artistic_splash/p80.png]
[digitonaut.com/art/alien_sunset/p80.png]
[digitonaut.com/art/ambitious_triangles/p80.png]
[digitonaut.com/art/arc-hit-vecture/p80.png]
[digitonaut.com/art/antithesis/p80.png]
[digitonaut.com/art/animated_voronoi/p80.png]
[digitonaut.com/art/animated_two_tiled_truchet/p80.png]
[digitonaut.com/art/animated_cubism/p80.png]
[digitonaut.com/art/animated_colored_truchet/p80.png]
[digitonaut.com/art/alien_paintings/p80.png]
[digitonaut.com/art/alien_language/p80.png]
[digitonaut.com/art/moving_art/p80.png]
[digitonaut.com/art/mystery_curves_table/p80.png]
[digitonaut.com/art/nervous_system_art/p80.png]
[digitonaut.com/art/noise_painting/p80.png]
[digitonaut.com/art/noisy_lines/p80.png]
[digitonaut.com/art/organic_floating_network/p80.png]
[digitonaut.com/art/rainbow_flowfield/p80.png]
[digitonaut.com/art/random_square_motion/p80.png]
[digitonaut.com/art/rubber_soul_art/p80.png]
[digitonaut.com/art/satellites_art/p80.png]
[digitonaut.com/art/seahorse_valley/p80.png]
[digitonaut.com/art/street_wall_art/p80.png]
[digitonaut.com/art/sun_lines/p80.png]
[digitonaut.com/art/mykola_art_generator/p80.png]
[digitonaut.com/art/tangled/p80.png]
[digitonaut.com/art/triangular_art/p80.png]
[digitonaut.com/art/viral_spiral/p80.png]
[digitonaut.com/art/playlist_abstract_art/index.html]
[digitonaut.com/art/playlist_city_and_town/player.html]
[digitonaut.com/art/flying_over_the_city/p80.png]
[digitonaut.com/art/escape_road/p80.png]
[digitonaut.com/art/procedural_city/p80.png]
[digitonaut.com/art/paper_city/p80.png]
[digitonaut.com/art/morning_city/p80.png]
[digitonaut.com/art/isometric_city/p80.png]
[digitonaut.com/art/gotham-city/p80.png]
[digitonaut.com/art/glow_city/p80.png]
[digitonaut.com/art/descent/p80.png]
[digitonaut.com/art/playlist_city_and_town/index.html]
[digitonaut.com/art/playlist_fractal/player.html]
[digitonaut.com/art/my_name_is_julia/p80.png]
[digitonaut.com/art/mandelbrot-paulofalcao/p80.png]
[digitonaut.com/art/fractal_cartoon/p80.png]
[digitonaut.com/art/bad_mushrooms/p80.png]
[digitonaut.com/art/simplicity/p80.png]
[digitonaut.com/art/simple_apollonian_gasket/p80.png]
[digitonaut.com/art/perception_of_change/p80.png]
[digitonaut.com/art/nightmare_of_the_koch/p80.png]
[digitonaut.com/art/night_forest_baobab/p80.png]
[digitonaut.com/art/basic_fractal/p80.png]
[digitonaut.com/art/kalizulmodul/p80.png]
[digitonaut.com/art/julia_shader/p80.png]
[digitonaut.com/art/julia_traps/p80.png]
[digitonaut.com/art/julia_set/p80.png]
[digitonaut.com/art/full_fire/p80.png]
[digitonaut.com/art/fractal_tree/p80.png]
[digitonaut.com/art/fractal_planet/p80.png]
[digitonaut.com/art/accidental_fractal/p80.png]
[digitonaut.com/art/mandelbrot_set/p80.png]
[digitonaut.com/art/playlist_fractal/index.html]
[digitonaut.com/art/playlist_kaleidoscope/player.html]
[digitonaut.com/art/cave_kaleidoscope/p80.png]
[digitonaut.com/art/trippy_circles_kaleidoscope/p80.png]
[digitonaut.com/art/tetradic_harmony/p80.png]
[digitonaut.com/art/retro_animas/p80.png]
[digitonaut.com/art/pretty_hip/p80.png]
[digitonaut.com/art/polygons_and_patterns/p80.png]
[digitonaut.com/art/pistils/p80.png]
[digitonaut.com/art/phantom_star/p80.png]
[digitonaut.com/art/lines_and_circles/p80.png]
[digitonaut.com/art/kaleidolines/p80.png]
[digitonaut.com/art/kaleido_tunnel/p80.png]
[digitonaut.com/art/hexad_pompon/p80.png]
[digitonaut.com/art/flower_of_life/p80.png]
[digitonaut.com/art/kaleidoscope/p80.png]
[digitonaut.com/art/playlist_kaleidoscope/index.html]
[digitonaut.com/art/playlist_landscapes/player.html]
[digitonaut.com/art/over_the_moon/p80.png]
[digitonaut.com/art/day_night_ocean/p80.png]
[digitonaut.com/art/calm_ocean/p80.png]
[digitonaut.com/art/parallax_mountain_range/p80.png]
[digitonaut.com/art/playlist_landscapes/index.html]
[digitonaut.com/art/playlist_low_poly/player.html]
[digitonaut.com/art/vintage_labyrinth/p80.png]
[digitonaut.com/art/neon_surprise/p80.png]
[digitonaut.com/art/lowpoly_deepspace/p80.png]
[digitonaut.com/art/voxel_tunnel/p80.png]
[digitonaut.com/art/voxel_planet/p80.png]
[digitonaut.com/art/triangulated_heightfield_trick/p80.png]
[digitonaut.com/art/tinypolyworld/p80.png]
[digitonaut.com/art/sunset_then_sunrise/p80.png]
[digitonaut.com/art/space_rocket/p80.png]
[digitonaut.com/art/somewhere_in_1993/p80.png]
[digitonaut.com/art/solar_flare/p80.png]
[digitonaut.com/art/rushing_rapid/p80.png]
[digitonaut.com/art/procedural_planet/p80.png]
[digitonaut.com/art/pond_of_devildom/p80.png]
[digitonaut.com/art/polygonal_terrain_lowpoly/p80.png]
[digitonaut.com/art/lowpoly_summer_ride/p80.png]
[digitonaut.com/art/lowpoly_ocean/p80.png]
[digitonaut.com/art/planet_plane/p80.png]
[digitonaut.com/art/planet_omniscient/p80.png]
[digitonaut.com/art/piotr_planet/p80.png]
[digitonaut.com/art/parallax_plane/p80.png]
[digitonaut.com/art/magma/p80.png]
[digitonaut.com/art/lowpoly_foxes/p80.png]
[digitonaut.com/art/lined_tunnel/p80.png]
[digitonaut.com/art/infinite_irish_remix/p80.png]
[digitonaut.com/art/growing_flowers/p80.png]
[digitonaut.com/art/generated_creatures/p80.png]
[digitonaut.com/art/galloping_horse/p80.png]
[digitonaut.com/art/flying_stork/p80.png]
[digitonaut.com/art/flying_parrot/p80.png]
[digitonaut.com/art/flying_group/p80.png]
[digitonaut.com/art/flying_flamingo/p80.png]
[digitonaut.com/art/flying_cotton/p80.png]
[digitonaut.com/art/flower_in_the_wind/p80.png]
[digitonaut.com/art/flight_through_the_desert/p80.png]
[digitonaut.com/art/flight_around/p80.png]
[digitonaut.com/art/flamingo/p80.png]
[digitonaut.com/art/colored_fishes/p80.png]
[digitonaut.com/art/playlist_low_poly/index.html]
[digitonaut.com/art/playlist_moving_2d_art/player.html]
[digitonaut.com/art/yellow_peach/p80.png]
[digitonaut.com/art/tv_noise/p80.png]
[digitonaut.com/art/the_ring/p80.png]
[digitonaut.com/art/stealth_moon/p80.png]
[digitonaut.com/art/spiral_architect/p80.png]
[digitonaut.com/art/orange_propeller/p80.png]
[digitonaut.com/art/lightning_storm/p80.png]
[digitonaut.com/art/light_rays/p80.png]
[digitonaut.com/art/green_top_and_bottom/p80.png]
[digitonaut.com/art/gentle_surf_of_the_ocean/p80.png]
[digitonaut.com/art/circuits/p80.png]
[digitonaut.com/art/acid_smoke/p80.png]
[digitonaut.com/art/wired/p80.png]
[digitonaut.com/art/white_space/p80.png]
[digitonaut.com/art/what_is_behind/p80.png]
[digitonaut.com/art/wayward_worms/p80.png]
[digitonaut.com/art/wavy_ball/p80.png]
[digitonaut.com/art/wave_noise_5d/p80.png]
[digitonaut.com/art/watery/p80.png]
[digitonaut.com/art/water_pool/p80.png]
[digitonaut.com/art/warp/p80.png]
[digitonaut.com/art/underwater_sun/p80.png]
[digitonaut.com/art/twenty-four_karat/p80.png]
[digitonaut.com/art/triangular_grid/p80.png]
[digitonaut.com/art/triangle_grid_contouring/p80.png]
[digitonaut.com/art/traveling_wavefronts/p80.png]
[digitonaut.com/art/trapezium_raymarching/p80.png]
[digitonaut.com/art/traffic_lines/p80.png]
[digitonaut.com/art/timeless/p80.png]
[digitonaut.com/art/the_blue_flame/p80.png]
[digitonaut.com/art/square_background/p80.png]
[digitonaut.com/art/spiral_dots/p80.png]
[digitonaut.com/art/something_pretty/p80.png]
[digitonaut.com/art/soap_bubbles/p80.png]
[digitonaut.com/art/soap_bubble/p80.png]
[digitonaut.com/art/smoke/p80.png]
[digitonaut.com/art/shader/p80.png]
[digitonaut.com/art/sea_waves/p80.png]
[digitonaut.com/art/rush_time_clock/p80.png]
[digitonaut.com/art/rgb_line/p80.png]
[digitonaut.com/art/red_oak/p80.png]
[digitonaut.com/art/recreation_grid/p80.png]
[digitonaut.com/art/rainbow_thunders/p80.png]
[digitonaut.com/art/rainbow_squares/p80.png]
[digitonaut.com/art/rainbow_grid/p80.png]
[digitonaut.com/art/psychotomimetic/p80.png]
[digitonaut.com/art/color_clock/p80.png]
[digitonaut.com/art/clockwork_chaos/p80.png]
[digitonaut.com/art/primordial_soup/p80.png]
[digitonaut.com/art/neon_hexagrid/p80.png]
[digitonaut.com/art/neon_hexagon/p80.png]
[digitonaut.com/art/nebula_smoke/p80.png]
[digitonaut.com/art/nanosunflower/p80.png]
[digitonaut.com/art/marching_ants/p80.png]
[digitonaut.com/art/magic_circle/p80.png]
[digitonaut.com/art/hypnotic_ripples/p80.png]
[digitonaut.com/art/heartbeat/p80.png]
[digitonaut.com/art/flow_of_particules/p80.png]
[digitonaut.com/art/flocking_with_predator/p80.png]
[digitonaut.com/art/flame_in_the_wind/p80.png]
[digitonaut.com/art/five_star/p80.png]
[digitonaut.com/art/fireworks/p80.png]
[digitonaut.com/art/energetic_bamboo/p80.png]
[digitonaut.com/art/enchanted_forest/p80.png]
[digitonaut.com/art/dynamic_medusas/p80.png]
[digitonaut.com/art/deform_flower/p80.png]
[digitonaut.com/art/we_are_robots/p80.png]
[digitonaut.com/art/blowing_electric_flower/p80.png]
[digitonaut.com/art/black_hole_shader/p80.png]
[digitonaut.com/art/bipolar_flowers/p80.png]
[digitonaut.com/art/bike_to_school/p80.png]
[digitonaut.com/art/active_cells/p80.png]
[digitonaut.com/art/aether/p80.png]
[digitonaut.com/art/angry_fish/p80.png]
[digitonaut.com/art/playlist_moving_2d_art/index.html]
[digitonaut.com/art/playlist_moving_forward/player.html]
[digitonaut.com/art/to_the_light/p80.png]
[digitonaut.com/art/night_walk_in_the_wood/p80.png]
[digitonaut.com/art/nebulous_atmosphere/p80.png]
[digitonaut.com/art/boaty_goes_caving/p80.png]
[digitonaut.com/art/velocibox/p80.png]
[digitonaut.com/art/torus_tunnel/p80.png]
[digitonaut.com/art/speed_on_ocean_sunrise/p80.png]
[digitonaut.com/art/nebula_space/p80.png]
[digitonaut.com/art/infinite_voronoi_zoom/p80.png]
[digitonaut.com/art/infinite_landscape/p80.png]
[digitonaut.com/art/hyperspace/p80.png]
[digitonaut.com/art/fizz/p80.png]
[digitonaut.com/art/playlist_moving_forward/index.html]
[digitonaut.com/art/playlist_particules/player.html]
[digitonaut.com/art/yellow_starfield/p80.png]
[digitonaut.com/art/hot_shower/p80.png]
[digitonaut.com/art/wormhole_dots/p80.png]
[digitonaut.com/art/world_of_turbulence/p80.png]
[digitonaut.com/art/vertex_atmosphere/p80.png]
[digitonaut.com/art/travellers/p80.png]
[digitonaut.com/art/toshiya_particules/p80.png]
[digitonaut.com/art/the_illusion/p80.png]
[digitonaut.com/art/swirling_dots/p80.png]
[digitonaut.com/art/vertex-ocean/p80.png]
[digitonaut.com/art/rainbowness/p80.png]
[digitonaut.com/art/rainbow_rain/p80.png]
[digitonaut.com/art/protonic_lines/p80.png]
[digitonaut.com/art/particules_effect/p80.png]
[digitonaut.com/art/particules_flight/p80.png]
[digitonaut.com/art/particules_fireworks/p80.png]
[digitonaut.com/art/particule_wave/p80.png]
[digitonaut.com/art/particule_flow/p80.png]
[digitonaut.com/art/particule_away/p80.png]
[digitonaut.com/art/particleline/p80.png]
[digitonaut.com/art/orbital_trails/p80.png]
[digitonaut.com/art/neon_marble/p80.png]
[digitonaut.com/art/magnetic_field_recreation/p80.png]
[digitonaut.com/art/light_emitting_particules/p80.png]
[digitonaut.com/art/lavos/p80.png]
[digitonaut.com/art/happy_diwali_fireworks/p80.png]
[digitonaut.com/art/group_flight/p80.png]
[digitonaut.com/art/alphabet_roulette/p80.png]
[digitonaut.com/art/attraction/p80.png]
[digitonaut.com/art/geometry/p80.png]
[digitonaut.com/art/july_fireworks/p80.png]
[digitonaut.com/art/linear_water/p80.png]
[digitonaut.com/art/lines_sphere/p80.png]
[digitonaut.com/art/mobius/p80.png]
[digitonaut.com/art/particule_blob_glsl/p80.png]
[digitonaut.com/art/playlist_particules/index.html]
[digitonaut.com/art/playlist_physics/player.html]
[digitonaut.com/art/stateless_physics/p80.png]
[digitonaut.com/art/snowfall/p80.png]
[digitonaut.com/art/gravity_effect/p80.png]
[digitonaut.com/art/bouncing_off_the_walls/p80.png]
[digitonaut.com/art/stacks_and_balance/p80.png]
[digitonaut.com/art/playlist_physics/index.html]
[digitonaut.com/art/playlist_retro_pixels/player.html]
[digitonaut.com/art/ray_bert/p80.png]
[digitonaut.com/art/pixellated_plasma/p80.png]
[digitonaut.com/art/mario_vintage/p80.png]
[digitonaut.com/art/atari-mega-scroll/p80.png]
[digitonaut.com/art/game_of_life/p80.png]
[digitonaut.com/art/minecraft/p80.png]
[digitonaut.com/art/pixel_grid/p80.png]
[digitonaut.com/art/playlist_retro_pixels/index.html]
[digitonaut.com/art/playlist_space_and_planets/player.html]
[digitonaut.com/art/spacial_sky/p80.png]
[digitonaut.com/art/space-to-surface_flight/p80.png]
[digitonaut.com/art/solar/p80.png]
[digitonaut.com/art/pyroclastic_fireball/p80.png]
[digitonaut.com/art/awesome_star/p80.png]
[digitonaut.com/art/warp_speed/p80.png]
[digitonaut.com/art/supernova_reborn/p80.png]
[digitonaut.com/art/supernova_pulse/p80.png]
[digitonaut.com/art/sun_surface/p80.png]
[digitonaut.com/art/sparks_drifting/p80.png]
[digitonaut.com/art/space_blob/p80.png]
[digitonaut.com/art/shader_moon/p80.png]
[digitonaut.com/art/re-entry/p80.png]
[digitonaut.com/art/rainbow_turbulence/p80.png]
[digitonaut.com/art/pocgen_planet/p80.png]
[digitonaut.com/art/planet_layers/p80.png]
[digitonaut.com/art/lensing_in_space/p80.png]
[digitonaut.com/art/andromeda_jewel/p80.png]
[digitonaut.com/art/playlist_space_and_planets/index.html]
[digitonaut.com/art/playlist_sun_and_lights/player.html]
[digitonaut.com/art/ocean_sky/p80.png]
[digitonaut.com/art/hot_fire/p80.png]
[digitonaut.com/art/fire_away/p80.png]
[digitonaut.com/art/stars_field/p80.png]
[digitonaut.com/art/rugile_star/p80.png]
[digitonaut.com/art/polygon_lens_flare/p80.png]
[digitonaut.com/art/plasmatic_isosurface/p80.png]
[digitonaut.com/art/neon_balls/p80.png]
[digitonaut.com/art/motion_of_a_molecule/p80.png]
[digitonaut.com/art/mist_ring/p80.png]
[digitonaut.com/art/liquid_sphere/p80.png]
[digitonaut.com/art/lights_in_smoke/p80.png]
[digitonaut.com/art/lighting_blob/p80.png]
[digitonaut.com/art/light_circles/p80.png]
[digitonaut.com/art/dive_to_cloud/p80.png]
[digitonaut.com/art/ball_of_fire/p80.png]
[digitonaut.com/art/bad_land/p80.png]
[digitonaut.com/art/aurora_borealis/p80.png]
[digitonaut.com/art/almost_explosion/p80.png]
[digitonaut.com/art/lightning_points/p80.png]
[digitonaut.com/art/playlist_sun_and_lights/index.html]
[digitonaut.com/art/pointless_structures/shader-web-background.min.js]
[digitonaut.com/art/pointless_structures/index.html]
[digitonaut.com/art/polar_night_with_aurora/shader-web-background.min.js]
[digitonaut.com/art/polar_night_with_aurora/index.html]
[digitonaut.com/art/polka_flowers/openProcessing.js]
[digitonaut.com/art/polka_flowers/index.html]
[digitonaut.com/art/polka_flowers/script.js]
[digitonaut.com/art/polygon_lens_flare/index.html]
[digitonaut.com/art/polygon_lens_flare/shader-web-background.min.js]
[digitonaut.com/art/polygon_reflection/index.html]
[digitonaut.com/art/pop_tunnel/index.html]
[digitonaut.com/art/pop_tunnel/shader-web-background.min.js]
[digitonaut.com/art/polygon_reflection/script.js]
[digitonaut.com/art/possible_stargate/index.html]
[digitonaut.com/art/possible_stargate/script.js]
[digitonaut.com/art/post-steampunk_spaceship/shader-web-background.min.js]
[digitonaut.com/art/post-steampunk_spaceship/ichannel0.jpg]
[digitonaut.com/art/post-steampunk_spaceship/index.html]
[digitonaut.com/art/potentially/shader-web-background.min.js]
[digitonaut.com/art/potentially/index.html]
[digitonaut.com/art/pounding_aldebaran/main.js]
[digitonaut.com/art/pounding_aldebaran/index.html]
[digitonaut.com/art/procedural_liquid_metal/shader-web-background.min.js]
[digitonaut.com/art/procedural_liquid_metal/index.html]
[digitonaut.com/art/possible_stargate/three.min.js]
[digitonaut.com/art/procedural_planet/OrbitControls.js]
[digitonaut.com/art/pounding_aldebaran/three.min.js]
[digitonaut.com/art/procedural_planet/simplex-noise.min.js]
[digitonaut.com/art/procedural_planet/chroma.min.js]
[digitonaut.com/art/procedural_planet/script.js]
[digitonaut.com/art/procedural_planet/index.html]
[digitonaut.com/art/procedural_track/shader-web-background.min.js]
[digitonaut.com/art/procedural_track/index.html]
[digitonaut.com/art/procedural-landscape/gl-matrix-min.js]
[digitonaut.com/art/procedural-landscape/index.html]
[digitonaut.com/art/progress_clock/index.html]
[digitonaut.com/art/proton_force/requestAnimationFrame.min.js]
[digitonaut.com/art/procedural_planet/TweenMax.min.js]
[digitonaut.com/art/proton_force/profiler.js]
[digitonaut.com/art/proton_force/color.min.js]
[digitonaut.com/art/procedural_planet/three.min.js]
[digitonaut.com/art/proton_force/index.html]
[digitonaut.com/art/protonic_lines/requestAnimationFrame.min.js]
[digitonaut.com/art/protonic_lines/index.html]
[digitonaut.com/art/proton_force/proton.min.js]
[digitonaut.com/art/pseudo_knightyan/index.html]
[digitonaut.com/art/pseudo_knightyan/shader-web-background.min.js]
[digitonaut.com/art/pseudo_refraction/index.html]
[digitonaut.com/art/pseudo_refraction/shader-web-background.min.js]
[digitonaut.com/art/pseudo-geometry/index.html]
[digitonaut.com/art/pseudo-geometry/shader-web-background.min.js]
[digitonaut.com/art/protonic_lines/proton.min.js]
[digitonaut.com/art/psychedelic_hexagon/index.html]
[digitonaut.com/art/psychedelic_hexagon/shader-web-background.min.js]
[digitonaut.com/art/psychedelic_nip_corridor/index.html]
[digitonaut.com/art/psychedelic_nip_corridor/main.js]
[digitonaut.com/art/psychedelic_waves/index.html]
[digitonaut.com/art/psychedelic_waves/script.js]
[digitonaut.com/art/psychotomimetic/index.html]
[digitonaut.com/art/puffy_the_fish/shader-web-background.min.js]
[digitonaut.com/art/puffy_the_fish/index.html]
[digitonaut.com/art/pulsing_tunnel_grid/shader-web-background.min.js]
[digitonaut.com/art/pulsing_tunnel_grid/index.html]
[digitonaut.com/art/psychedelic_nip_corridor/three.min.js]
[digitonaut.com/art/purpcycle/main.js]
[digitonaut.com/art/purpcycle/index.html]
[digitonaut.com/art/purple_hexagrid/index.html]
[digitonaut.com/art/purple_hexagrid/script.js]
[digitonaut.com/art/psychedelic_waves/three.min.js]
[digitonaut.com/art/purpcycle/three.min.js]
[digitonaut.com/art/quiet_bottom/index.html]
[digitonaut.com/art/paisley/main.css]
[digitonaut.com/art/parallax_plane/normalize.min.css]
[digitonaut.com/art/quiet_bottom/main.js]
[assets.codepen.io/605876/avatar.43c.delayed]
[digitonaut.com/art/parallax_plane/style.css]
[digitonaut.com/art/particule_away/reset.min.css]
[digitonaut.com/art/particule_blob_glsl/style.css]
[digitonaut.com/art/particule_flow/reset.min.css]
[digitonaut.com/art/polka_flowers/p5.js]
[s3-us-west-2.amazonaws.com/s.cdpn.io/544318/logo.jpg]
[digitonaut.com/art/particule_flow/style.css]
[digitonaut.com/art/particules_flight/reset.min.css]
[digitonaut.com/art/particules_flight/style.css]
[digitonaut.com/art/pasta_race/main.css]
[digitonaut.com/art/phenomenon/style.css]
[digitonaut.com/art/physics_analog_clock/reset.min.css]
[digitonaut.com/art/physics_analog_clock/style.css]
[digitonaut.com/art/physics_digital_clock/style.css]
[digitonaut.com/art/pistils/style.css]
[digitonaut.com/art/pixel_grid/style.css]
[digitonaut.com/art/pixies_planet/style.css]
[digitonaut.com/art/planet_layers/style.css]
[digitonaut.com/art/planet_plane/style.css]
[digitonaut.com/art/planet_zebra/main.css]
[digitonaut.com/art/plasma_background/style.css]
[digitonaut.com/art/plasmatic_isosurface/style.css]
[digitonaut.com/art/playlist_3d_art/player.html]
[digitonaut.com/art/playlist_3d_worlds/player.html]
[digitonaut.com/art/playlist_abstract_art/player.html]
[digitonaut.com/art/playlist_city_and_town/player.html]
[digitonaut.com/art/playlist_fractal/player.html]
[digitonaut.com/art/playlist_kaleidoscope/player.html]
[digitonaut.com/art/playlist_landscapes/player.html]
[digitonaut.com/art/playlist_low_poly/player.html]
[digitonaut.com/art/playlist_moving_2d_art/player.html]
[digitonaut.com/art/playlist_moving_forward/player.html]
[digitonaut.com/art/playlist_particules/player.html]
[digitonaut.com/art/playlist_physics/player.html]
[digitonaut.com/art/playlist_retro_pixels/player.html]
[digitonaut.com/art/playlist_space_and_planets/player.html]
[digitonaut.com/art/playlist_sun_and_lights/player.html]
[digitonaut.com/art/polygon_reflection/style.css]
[digitonaut.com/art/possible_stargate/style.css]
[digitonaut.com/art/pounding_aldebaran/main.css]
[digitonaut.com/art/procedural_planet/style.css]
[digitonaut.com/art/psychedelic_nip_corridor/main.css]
[digitonaut.com/art/psychedelic_waves/style.css]
[digitonaut.com/art/purpcycle/main.css]
[digitonaut.com/art/purple_hexagrid/style.css]
[digitonaut.com/art/quiet_bottom/main.css]
[digitonaut.com/art/quiet_bottom/three.min.js]
[assets.codepen.io/605876/avatar.html]
